d:\3 курс 2 семестр\рис тимонович\готовые лабораторные\laba1\lab08_base\concurrentserver\servicelibrary\x64\debug\servicelibrary.pch
d:\3 курс 2 семестр\рис тимонович\готовые лабораторные\laba1\lab08_base\concurrentserver\servicelibrary\x64\debug\vc143.pdb
d:\3 курс 2 семестр\рис тимонович\готовые лабораторные\laba1\lab08_base\concurrentserver\servicelibrary\x64\debug\vc143.idb
d:\3 курс 2 семестр\рис тимонович\готовые лабораторные\laba1\lab08_base\concurrentserver\servicelibrary\x64\debug\pch.obj
d:\3 курс 2 семестр\рис тимонович\готовые лабораторные\laba1\lab08_base\concurrentserver\servicelibrary\x64\debug\dllmain.obj
d:\3 курс 2 семестр\рис тимонович\готовые лабораторные\laba1\lab08_base\concurrentserver\servicelibrary\x64\debug\errorfunctions.obj
d:\3 курс 2 семестр\рис тимонович\готовые лабораторные\laba1\lab08_base\x64\debug\servicelibrary.dll
d:\3 курс 2 семестр\рис тимонович\готовые лабораторные\laba1\lab08_base\x64\debug\servicelibrary.pdb
d:\3 курс 2 семестр\рис тимонович\готовые лабораторные\laba1\lab08_base\x64\debug\servicelibrary.lib
d:\3 курс 2 семестр\рис тимонович\готовые лабораторные\laba1\lab08_base\x64\debug\servicelibrary.exp
d:\3 курс 2 семестр\рис тимонович\готовые лабораторные\laba1\lab08_base\concurrentserver\servicelibrary\x64\debug\servicelibrary.ilk
c:\general\belstu\3k2s\ris3-2\lab08_base\concurrentserver\servicelibrary\x64\debug\dllmain.obj
c:\general\belstu\3k2s\ris3-2\lab08_base\concurrentserver\servicelibrary\x64\debug\errorfunctions.obj
c:\general\belstu\3k2s\ris3-2\lab08_base\concurrentserver\servicelibrary\x64\debug\pch.obj
c:\general\belstu\3k2s\ris3-2\lab08_base\concurrentserver\servicelibrary\x64\debug\servicelibrary.ilk
c:\general\belstu\3k2s\ris3-2\lab08_base\concurrentserver\servicelibrary\x64\debug\servicelibrary.pch
c:\general\belstu\3k2s\ris3-2\lab08_base\concurrentserver\servicelibrary\x64\debug\vc143.idb
c:\general\belstu\3k2s\ris3-2\lab08_base\concurrentserver\servicelibrary\x64\debug\vc143.pdb
c:\general\belstu\3k2s\ris3-2\lab08_base\x64\debug\servicelibrary.pdb
c:\general\belstu\3k2s\ris3-2\lab08_base\x64\debug\servicelibrary.dll
c:\general\belstu\3k2s\ris3-2\lab08_base\concurrentserver\servicelibrary\x64\debug\servicelibrary.tlog\cl.command.1.tlog
c:\general\belstu\3k2s\ris3-2\lab08_base\concurrentserver\servicelibrary\x64\debug\servicelibrary.tlog\cl.items.tlog
c:\general\belstu\3k2s\ris3-2\lab08_base\concurrentserver\servicelibrary\x64\debug\servicelibrary.tlog\cl.read.1.tlog
c:\general\belstu\3k2s\ris3-2\lab08_base\concurrentserver\servicelibrary\x64\debug\servicelibrary.tlog\cl.write.1.tlog
c:\general\belstu\3k2s\ris3-2\lab08_base\concurrentserver\servicelibrary\x64\debug\servicelibrary.tlog\link.command.1.tlog
c:\general\belstu\3k2s\ris3-2\lab08_base\concurrentserver\servicelibrary\x64\debug\servicelibrary.tlog\link.read.1.tlog
c:\general\belstu\3k2s\ris3-2\lab08_base\concurrentserver\servicelibrary\x64\debug\servicelibrary.tlog\link.secondary.1.tlog
c:\general\belstu\3k2s\ris3-2\lab08_base\concurrentserver\servicelibrary\x64\debug\servicelibrary.tlog\link.write.1.tlog
