d:\5 сем\сп\2 лаба\lab11\os11_create\x64\debug\vc143.pdb
d:\5 сем\сп\2 лаба\lab11\os11_create\x64\debug\vc143.idb
d:\5 сем\сп\2 лаба\lab11\os11_create\x64\debug\os11_create.obj
d:\5 сем\сп\2 лаба\lab11\x64\debug\os11_create.exe
d:\5 сем\сп\2 лаба\lab11\x64\debug\os11_create.pdb
d:\5 сем\сп\2 лаба\lab11\os11_create\x64\debug\os11_create.ilk
c:\5sem\sp\lab11(2)\lab11\os11_create\x64\debug\os11_create.obj
c:\5sem\sp\lab11(2)\lab11\os11_create\x64\debug\os11_create.ilk
c:\5sem\sp\lab11(2)\lab11\os11_create\x64\debug\vc143.idb
c:\5sem\sp\lab11(2)\lab11\os11_create\x64\debug\vc143.pdb
c:\5sem\sp\lab11(2)\lab11\x64\debug\os11_create.pdb
c:\5sem\sp\lab11(2)\lab11\x64\debug\os11_create.exe
c:\5sem\sp\lab11(2)\lab11\os11_create\x64\debug\os11_create.tlog\cl.command.1.tlog
c:\5sem\sp\lab11(2)\lab11\os11_create\x64\debug\os11_create.tlog\cl.items.tlog
c:\5sem\sp\lab11(2)\lab11\os11_create\x64\debug\os11_create.tlog\cl.read.1.tlog
c:\5sem\sp\lab11(2)\lab11\os11_create\x64\debug\os11_create.tlog\cl.write.1.tlog
c:\5sem\sp\lab11(2)\lab11\os11_create\x64\debug\os11_create.tlog\link.command.1.tlog
c:\5sem\sp\lab11(2)\lab11\os11_create\x64\debug\os11_create.tlog\link.read.1.tlog
c:\5sem\sp\lab11(2)\lab11\os11_create\x64\debug\os11_create.tlog\link.secondary.1.tlog
c:\5sem\sp\lab11(2)\lab11\os11_create\x64\debug\os11_create.tlog\link.write.1.tlog
