d:\5 сем\сп\2 лаба\lab11\os11_02\x64\debug\vc143.pdb
d:\5 сем\сп\2 лаба\lab11\os11_02\x64\debug\vc143.idb
d:\5 сем\сп\2 лаба\lab11\os11_02\x64\debug\os11_02.obj
d:\5 сем\сп\2 лаба\lab11\x64\debug\os11_02.exe
d:\5 сем\сп\2 лаба\lab11\x64\debug\os11_02.pdb
d:\5 сем\сп\2 лаба\lab11\os11_02\x64\debug\os11_02.ilk
c:\5sem\sp\lab11(2)\lab11\os11_02\x64\debug\os11_02.obj
c:\5sem\sp\lab11(2)\lab11\os11_02\x64\debug\os11_02.ilk
c:\5sem\sp\lab11(2)\lab11\os11_02\x64\debug\vc143.idb
c:\5sem\sp\lab11(2)\lab11\os11_02\x64\debug\vc143.pdb
c:\5sem\sp\lab11(2)\lab11\x64\debug\os11_02.pdb
c:\5sem\sp\lab11(2)\lab11\x64\debug\os11_02.exe
c:\5sem\sp\lab11(2)\lab11\os11_02\x64\debug\os11_02.tlog\cl.command.1.tlog
c:\5sem\sp\lab11(2)\lab11\os11_02\x64\debug\os11_02.tlog\cl.items.tlog
c:\5sem\sp\lab11(2)\lab11\os11_02\x64\debug\os11_02.tlog\cl.read.1.tlog
c:\5sem\sp\lab11(2)\lab11\os11_02\x64\debug\os11_02.tlog\cl.write.1.tlog
c:\5sem\sp\lab11(2)\lab11\os11_02\x64\debug\os11_02.tlog\link.command.1.tlog
c:\5sem\sp\lab11(2)\lab11\os11_02\x64\debug\os11_02.tlog\link.read.1.tlog
c:\5sem\sp\lab11(2)\lab11\os11_02\x64\debug\os11_02.tlog\link.secondary.1.tlog
c:\5sem\sp\lab11(2)\lab11\os11_02\x64\debug\os11_02.tlog\link.write.1.tlog
