c:\users\valda\source\repos\semester#6\оси\os_lab13\lab4-ht-com-dll\os13_create\x64\debug\vc143.pdb
c:\users\valda\source\repos\semester#6\оси\os_lab13\lab4-ht-com-dll\os13_create\x64\debug\vc143.idb
c:\users\valda\source\repos\semester#6\оси\os_lab13\lab4-ht-com-dll\os13_create\x64\debug\main.obj
d:\5сем\сп\4 лаба\os_lab13\lab4-ht-com-dll\os13_create\x64\debug\vc143.pdb
d:\5сем\сп\4 лаба\os_lab13\lab4-ht-com-dll\os13_create\x64\debug\vc143.idb
d:\5сем\сп\4 лаба\os_lab13\lab4-ht-com-dll\os13_create\x64\debug\main.obj
c:\users\valda\source\repos\semester#6\оси\os_lab13\lab4-ht-com-dll\x64\debug\os13_create.exe
c:\users\valda\source\repos\semester#6\оси\os_lab13\lab4-ht-com-dll\os13_create\x64\debug\os13_create.ilk
c:\users\valda\source\repos\semester#6\оси\os_lab13\lab4-ht-com-dll\x64\debug\os13_create.pdb
d:\5сем\сп\4 лаба\os_lab13\lab4-ht-com-dll\x64\debug\os13_create.exe
d:\5сем\сп\4 лаба\os_lab13\lab4-ht-com-dll\x64\debug\os13_create.pdb
d:\5сем\сп\4 лаба\os_lab13\lab4-ht-com-dll\os13_create\x64\debug\os13_create.ilk
c:\general\belstu\3k1s\sp3-1\lab4\lab4-ht-com-dll\os13_create\x64\debug\main.obj
c:\general\belstu\3k1s\sp3-1\lab4\lab4-ht-com-dll\os13_create\x64\debug\os13_create.ilk
c:\general\belstu\3k1s\sp3-1\lab4\lab4-ht-com-dll\os13_create\x64\debug\vc143.idb
c:\general\belstu\3k1s\sp3-1\lab4\lab4-ht-com-dll\os13_create\x64\debug\vc143.pdb
c:\general\belstu\3k1s\sp3-1\lab4\lab4-ht-com-dll\x64\debug\os13_create.pdb
c:\general\belstu\3k1s\sp3-1\lab4\lab4-ht-com-dll\x64\debug\os13_create.exe
c:\general\belstu\3k1s\sp3-1\lab4\lab4-ht-com-dll\os13_create\x64\debug\os13_create.tlog\cl.command.1.tlog
c:\general\belstu\3k1s\sp3-1\lab4\lab4-ht-com-dll\os13_create\x64\debug\os13_create.tlog\cl.items.tlog
c:\general\belstu\3k1s\sp3-1\lab4\lab4-ht-com-dll\os13_create\x64\debug\os13_create.tlog\cl.read.1.tlog
c:\general\belstu\3k1s\sp3-1\lab4\lab4-ht-com-dll\os13_create\x64\debug\os13_create.tlog\cl.write.1.tlog
c:\general\belstu\3k1s\sp3-1\lab4\lab4-ht-com-dll\os13_create\x64\debug\os13_create.tlog\link.command.1.tlog
c:\general\belstu\3k1s\sp3-1\lab4\lab4-ht-com-dll\os13_create\x64\debug\os13_create.tlog\link.read.1.tlog
c:\general\belstu\3k1s\sp3-1\lab4\lab4-ht-com-dll\os13_create\x64\debug\os13_create.tlog\link.secondary.1.tlog
c:\general\belstu\3k1s\sp3-1\lab4\lab4-ht-com-dll\os13_create\x64\debug\os13_create.tlog\link.write.1.tlog
