c:\university\рис\lab4\serveru\x64\debug\vc143.pdb
c:\university\рис\lab4\serveru\x64\debug\vc143.idb
c:\university\рис\lab4\serveru\x64\debug\serveru.obj
c:\university\рис\lab4\x64\debug\serveru.exe
c:\university\рис\lab4\x64\debug\serveru.pdb
c:\university\рис\lab4\serveru\x64\debug\serveru.ilk
c:\general\belstu\3k2s\ris3-2\lab4\serveru\x64\debug\serveru.obj
c:\general\belstu\3k2s\ris3-2\lab4\serveru\x64\debug\serveru.ilk
c:\general\belstu\3k2s\ris3-2\lab4\serveru\x64\debug\vc143.idb
c:\general\belstu\3k2s\ris3-2\lab4\serveru\x64\debug\vc143.pdb
c:\general\belstu\3k2s\ris3-2\lab4\x64\debug\serveru.pdb
c:\general\belstu\3k2s\ris3-2\lab4\x64\debug\serveru.exe
c:\general\belstu\3k2s\ris3-2\lab4\serveru\x64\debug\serveru.tlog\cl.command.1.tlog
c:\general\belstu\3k2s\ris3-2\lab4\serveru\x64\debug\serveru.tlog\cl.items.tlog
c:\general\belstu\3k2s\ris3-2\lab4\serveru\x64\debug\serveru.tlog\cl.read.1.tlog
c:\general\belstu\3k2s\ris3-2\lab4\serveru\x64\debug\serveru.tlog\cl.write.1.tlog
c:\general\belstu\3k2s\ris3-2\lab4\serveru\x64\debug\serveru.tlog\link.command.1.tlog
c:\general\belstu\3k2s\ris3-2\lab4\serveru\x64\debug\serveru.tlog\link.read.1.tlog
c:\general\belstu\3k2s\ris3-2\lab4\serveru\x64\debug\serveru.tlog\link.secondary.1.tlog
c:\general\belstu\3k2s\ris3-2\lab4\serveru\x64\debug\serveru.tlog\link.write.1.tlog
