c:\users\me0xffff\desktop\lab02\x64\debug\vc143.pdb
c:\users\me0xffff\desktop\lab02\x64\debug\vc143.idb
c:\users\me0xffff\desktop\lab02\x64\debug\mainfrm.obj
c:\users\me0xffff\desktop\lab02\x64\debug\libchart2d.obj
c:\users\me0xffff\desktop\lab02\x64\debug\lab03.obj
c:\users\me0xffff\desktop\lab02\x64\debug\cmatrix.obj
c:\users\me0xffff\desktop\lab02\x64\debug\childview.obj
c:\users\me0xffff\desktop\x64\debug\lab03.exe
c:\users\me0xffff\desktop\x64\debug\lab03.pdb
c:\users\me0xffff\desktop\lab02\x64\debug\lab2.res
c:\users\me0xffff\desktop\lab02\x64\debug\lab03.ilk
c:\users\vugor\downloads\labs\lab3\lab02\x64\debug\childview.obj
c:\users\vugor\downloads\labs\lab3\lab02\x64\debug\cmatrix.obj
c:\users\vugor\downloads\labs\lab3\lab02\x64\debug\lab03.obj
c:\users\vugor\downloads\labs\lab3\lab02\x64\debug\libchart2d.obj
c:\users\vugor\downloads\labs\lab3\lab02\x64\debug\mainfrm.obj
c:\users\vugor\downloads\labs\lab3\lab02\x64\debug\lab03.ilk
c:\users\vugor\downloads\labs\lab3\lab02\x64\debug\lab2.res
c:\users\vugor\downloads\labs\lab3\lab02\x64\debug\vc143.idb
c:\users\vugor\downloads\labs\lab3\lab02\x64\debug\vc143.pdb
c:\users\vugor\downloads\labs\lab3\lab02\x64\debug\lab03.tlog\cl.command.1.tlog
c:\users\vugor\downloads\labs\lab3\lab02\x64\debug\lab03.tlog\cl.items.tlog
c:\users\vugor\downloads\labs\lab3\lab02\x64\debug\lab03.tlog\cl.read.1.tlog
c:\users\vugor\downloads\labs\lab3\lab02\x64\debug\lab03.tlog\cl.write.1.tlog
c:\users\vugor\downloads\labs\lab3\lab02\x64\debug\lab03.tlog\link.command.1.tlog
c:\users\vugor\downloads\labs\lab3\lab02\x64\debug\lab03.tlog\link.read.1.tlog
c:\users\vugor\downloads\labs\lab3\lab02\x64\debug\lab03.tlog\link.secondary.1.tlog
c:\users\vugor\downloads\labs\lab3\lab02\x64\debug\lab03.tlog\link.write.1.tlog
c:\users\vugor\downloads\labs\lab3\lab02\x64\debug\lab03.tlog\rc.command.1.tlog
c:\users\vugor\downloads\labs\lab3\lab02\x64\debug\lab03.tlog\rc.read.1.tlog
c:\users\vugor\downloads\labs\lab3\lab02\x64\debug\lab03.tlog\rc.write.1.tlog
