d:\5сем\сп\4 лаба\os_lab13\lab4-ht-com-dll\os13_start\x64\debug\vc143.pdb
d:\5сем\сп\4 лаба\os_lab13\lab4-ht-com-dll\os13_start\x64\debug\vc143.idb
d:\5сем\сп\4 лаба\os_lab13\lab4-ht-com-dll\os13_start\x64\debug\main.obj
d:\5сем\сп\4 лаба\os_lab13\lab4-ht-com-dll\x64\debug\os13_start.exe
d:\5сем\сп\4 лаба\os_lab13\lab4-ht-com-dll\x64\debug\os13_start.pdb
d:\5сем\сп\4 лаба\os_lab13\lab4-ht-com-dll\os13_start\x64\debug\os13_start.ilk
c:\general\belstu\3k1s\sp3-1\lab4\lab4-ht-com-dll\os13_start\x64\debug\main.obj
c:\general\belstu\3k1s\sp3-1\lab4\lab4-ht-com-dll\os13_start\x64\debug\os13_start.ilk
c:\general\belstu\3k1s\sp3-1\lab4\lab4-ht-com-dll\os13_start\x64\debug\vc143.idb
c:\general\belstu\3k1s\sp3-1\lab4\lab4-ht-com-dll\os13_start\x64\debug\vc143.pdb
c:\general\belstu\3k1s\sp3-1\lab4\lab4-ht-com-dll\x64\debug\os13_start.pdb
c:\general\belstu\3k1s\sp3-1\lab4\lab4-ht-com-dll\x64\debug\os13_start.exe
c:\general\belstu\3k1s\sp3-1\lab4\lab4-ht-com-dll\os13_start\x64\debug\os13_start.tlog\cl.command.1.tlog
c:\general\belstu\3k1s\sp3-1\lab4\lab4-ht-com-dll\os13_start\x64\debug\os13_start.tlog\cl.items.tlog
c:\general\belstu\3k1s\sp3-1\lab4\lab4-ht-com-dll\os13_start\x64\debug\os13_start.tlog\cl.read.1.tlog
c:\general\belstu\3k1s\sp3-1\lab4\lab4-ht-com-dll\os13_start\x64\debug\os13_start.tlog\cl.write.1.tlog
c:\general\belstu\3k1s\sp3-1\lab4\lab4-ht-com-dll\os13_start\x64\debug\os13_start.tlog\link.command.1.tlog
c:\general\belstu\3k1s\sp3-1\lab4\lab4-ht-com-dll\os13_start\x64\debug\os13_start.tlog\link.read.1.tlog
c:\general\belstu\3k1s\sp3-1\lab4\lab4-ht-com-dll\os13_start\x64\debug\os13_start.tlog\link.secondary.1.tlog
c:\general\belstu\3k1s\sp3-1\lab4\lab4-ht-com-dll\os13_start\x64\debug\os13_start.tlog\link.write.1.tlog
