Сборка начата 18.09.2025 22:24:28.
Уровень детализации журнала: Normal.     1>Проект "D:\5 СЕМ\СП\1 лаба\OS10_01\OS10_01\OS10_01.vcxproj" в узле 2 (целевые объекты Build).
     1>PrepareForBuild:
         Структурированный вывод включен. Форматирование диагностики компилятора будет отражать иерархию ошибок. Подробнее см. https://aka.ms/cpp/structured-output.
       InitializeBuildStatus:
         Создание "Debug\OS10_01.tlog\unsuccessfulbuild", так как было задано "AlwaysCreate".
         Обращение к "Debug\OS10_01.tlog\unsuccessfulbuild".
       ClCompile:
         C:\Program Files\Microsoft Visual Studio\2022\Community\VC\Tools\MSVC\14.43.34808\bin\HostX86\x86\CL.exe /c /ZI /JMC /nologo /W3 /WX- /diagnostics:column /sdl /Od /Oy- /D WIN32 /D _DEBUG /D _CONSOLE /D _UNICODE /D UNICODE /Gm- /EHsc /RTC1 /MDd /GS /fp:precise /Zc:wchar_t /Zc:forScope /Zc:inline /permissive- /Fo"Debug\\" /Fd"Debug\vc143.pdb" /external:W3 /Gd /TP /analyze- /FC /errorReport:prompt HP.cpp os10_1.cpp
         HP.cpp
         os10_1.cpp
         Создание кода...
       Link:
         C:\Program Files\Microsoft Visual Studio\2022\Community\VC\Tools\MSVC\14.43.34808\bin\HostX86\x86\link.exe /ERRORREPORT:PROMPT /OUT:"D:\5 СЕМ\СП\1 лаба\OS10_01\Debug\OS10_01.exe" /INCREMENTAL /ILK:"Debug\OS10_01.ilk" /NOLOGO kernel32.lib user32.lib gdi32.lib winspool.lib comdlg32.lib advapi32.lib shell32.lib ole32.lib oleaut32.lib uuid.lib odbc32.lib odbccp32.lib /MANIFEST /MANIFESTUAC:"level='asInvoker' uiAccess='false'" /manifest:embed /DEBUG /PDB:"D:\5 СЕМ\СП\1 лаба\OS10_01\Debug\OS10_01.pdb" /SUBSYSTEM:CONSOLE /TLBID:1 /DYNAMICBASE /NXCOMPAT /IMPLIB:"D:\5 СЕМ\СП\1 лаба\OS10_01\Debug\OS10_01.lib" /MACHINE:X86 Debug\HP.obj
         Debug\os10_1.obj
         OS10_01.vcxproj -> D:\5 СЕМ\СП\1 лаба\OS10_01\Debug\OS10_01.exe
       FinalizeBuildStatus:
         Файл "Debug\OS10_01.tlog\unsuccessfulbuild" удаляется.
         Обращение к "Debug\OS10_01.tlog\OS10_01.lastbuildstate".
     1>Сборка проекта "D:\5 СЕМ\СП\1 лаба\OS10_01\OS10_01\OS10_01.vcxproj" завершена (целевые объекты Build).

Сборка успешно завершена.
    Предупреждений: 0
    Ошибок: 0

Прошло времени 00:00:02.56
