d:\3 курс 2 семестр\рис тимонович\готовые лабораторные\laba1\lab08_base\timesyncclient\x64\debug\vc143.pdb
d:\3 курс 2 семестр\рис тимонович\готовые лабораторные\laba1\lab08_base\timesyncclient\x64\debug\vc143.idb
d:\3 курс 2 семестр\рис тимонович\готовые лабораторные\laba1\lab08_base\timesyncclient\x64\debug\timesyncclient.obj
d:\3 курс 2 семестр\рис тимонович\готовые лабораторные\laba1\lab08_base\x64\debug\timesyncclient.exe
d:\3 курс 2 семестр\рис тимонович\готовые лабораторные\laba1\lab08_base\x64\debug\timesyncclient.pdb
d:\3 курс 2 семестр\рис тимонович\готовые лабораторные\laba1\lab08_base\timesyncclient\x64\debug\timesyncclient.ilk
c:\general\belstu\3k2s\ris3-2\lab08_base\timesyncclient\x64\debug\timesyncclient.obj
c:\general\belstu\3k2s\ris3-2\lab08_base\timesyncclient\x64\debug\timesyncclient.ilk
c:\general\belstu\3k2s\ris3-2\lab08_base\timesyncclient\x64\debug\vc143.idb
c:\general\belstu\3k2s\ris3-2\lab08_base\timesyncclient\x64\debug\vc143.pdb
c:\general\belstu\3k2s\ris3-2\lab08_base\x64\debug\timesyncclient.pdb
c:\general\belstu\3k2s\ris3-2\lab08_base\x64\debug\timesyncclient.exe
c:\general\belstu\3k2s\ris3-2\lab08_base\timesyncclient\x64\debug\timesyncclient.tlog\cl.command.1.tlog
c:\general\belstu\3k2s\ris3-2\lab08_base\timesyncclient\x64\debug\timesyncclient.tlog\cl.items.tlog
c:\general\belstu\3k2s\ris3-2\lab08_base\timesyncclient\x64\debug\timesyncclient.tlog\cl.read.1.tlog
c:\general\belstu\3k2s\ris3-2\lab08_base\timesyncclient\x64\debug\timesyncclient.tlog\cl.write.1.tlog
c:\general\belstu\3k2s\ris3-2\lab08_base\timesyncclient\x64\debug\timesyncclient.tlog\link.command.1.tlog
c:\general\belstu\3k2s\ris3-2\lab08_base\timesyncclient\x64\debug\timesyncclient.tlog\link.read.1.tlog
c:\general\belstu\3k2s\ris3-2\lab08_base\timesyncclient\x64\debug\timesyncclient.tlog\link.secondary.1.tlog
c:\general\belstu\3k2s\ris3-2\lab08_base\timesyncclient\x64\debug\timesyncclient.tlog\link.write.1.tlog
