d:\3 курс 2 семестр\рис тимонович\готовые лабораторные\laba1\lab08_base\win32project1\win32project1\x64\debug\win32project1.pch
d:\3 курс 2 семестр\рис тимонович\готовые лабораторные\laba1\lab08_base\win32project1\win32project1\x64\debug\vc143.pdb
d:\3 курс 2 семестр\рис тимонович\готовые лабораторные\laba1\lab08_base\win32project1\win32project1\x64\debug\vc143.idb
d:\3 курс 2 семестр\рис тимонович\готовые лабораторные\laba1\lab08_base\win32project1\win32project1\x64\debug\stdafx.obj
d:\3 курс 2 семестр\рис тимонович\готовые лабораторные\laba1\lab08_base\win32project1\win32project1\x64\debug\dllmain.obj
d:\3 курс 2 семестр\рис тимонович\готовые лабораторные\laba1\lab08_base\win32project1\win32project1\x64\debug\win32project1.obj
d:\3 курс 2 семестр\рис тимонович\готовые лабораторные\laba1\lab08_base\win32project1\win32project1\x64\debug\errorfunctions.obj
d:\3 курс 2 семестр\рис тимонович\готовые лабораторные\laba1\lab08_base\x64\debug\win32project1.dll
d:\3 курс 2 семестр\рис тимонович\готовые лабораторные\laba1\lab08_base\x64\debug\win32project1.pdb
d:\3 курс 2 семестр\рис тимонович\готовые лабораторные\laba1\lab08_base\x64\debug\win32project1.lib
d:\3 курс 2 семестр\рис тимонович\готовые лабораторные\laba1\lab08_base\x64\debug\win32project1.exp
d:\3 курс 2 семестр\рис тимонович\готовые лабораторные\laba1\lab08_base\win32project1\win32project1\x64\debug\win32project1.ilk
c:\general\belstu\3k2s\ris3-2\lab08_base\win32project1\win32project1\x64\debug\dllmain.obj
c:\general\belstu\3k2s\ris3-2\lab08_base\win32project1\win32project1\x64\debug\errorfunctions.obj
c:\general\belstu\3k2s\ris3-2\lab08_base\win32project1\win32project1\x64\debug\stdafx.obj
c:\general\belstu\3k2s\ris3-2\lab08_base\win32project1\win32project1\x64\debug\win32project1.obj
c:\general\belstu\3k2s\ris3-2\lab08_base\win32project1\win32project1\x64\debug\win32project1.ilk
c:\general\belstu\3k2s\ris3-2\lab08_base\win32project1\win32project1\x64\debug\win32project1.pch
c:\general\belstu\3k2s\ris3-2\lab08_base\win32project1\win32project1\x64\debug\vc143.idb
c:\general\belstu\3k2s\ris3-2\lab08_base\win32project1\win32project1\x64\debug\vc143.pdb
c:\general\belstu\3k2s\ris3-2\lab08_base\x64\debug\win32project1.pdb
c:\general\belstu\3k2s\ris3-2\lab08_base\x64\debug\win32project1.dll
c:\general\belstu\3k2s\ris3-2\lab08_base\win32project1\win32project1\x64\debug\win32project1.tlog\cl.command.1.tlog
c:\general\belstu\3k2s\ris3-2\lab08_base\win32project1\win32project1\x64\debug\win32project1.tlog\cl.items.tlog
c:\general\belstu\3k2s\ris3-2\lab08_base\win32project1\win32project1\x64\debug\win32project1.tlog\cl.read.1.tlog
c:\general\belstu\3k2s\ris3-2\lab08_base\win32project1\win32project1\x64\debug\win32project1.tlog\cl.write.1.tlog
c:\general\belstu\3k2s\ris3-2\lab08_base\win32project1\win32project1\x64\debug\win32project1.tlog\link.command.1.tlog
c:\general\belstu\3k2s\ris3-2\lab08_base\win32project1\win32project1\x64\debug\win32project1.tlog\link.read.1.tlog
c:\general\belstu\3k2s\ris3-2\lab08_base\win32project1\win32project1\x64\debug\win32project1.tlog\link.secondary.1.tlog
c:\general\belstu\3k2s\ris3-2\lab08_base\win32project1\win32project1\x64\debug\win32project1.tlog\link.write.1.tlog
