  stdafx.cpp
  dllmain.cpp
D:\3 курс 2 семестр\РИС Тимонович\Готовые лабораторные\laba1\lab08_base\Win32Project1\Win32Project1\dllmain.cpp(2,26): warning C4616: предупреждение #pragma: предупреждение с номером "2664" не является действительным предупреждением компилятора
D:\3 курс 2 семестр\РИС Тимонович\Готовые лабораторные\laba1\lab08_base\Win32Project1\Win32Project1\dllmain.cpp(2,31): warning C4081: требуется "newline"; обнаружен ";"
D:\3 курс 2 семестр\РИС Тимонович\Готовые лабораторные\laba1\lab08_base\Win32Project1\Win32Project1\PrototypeService.h(84,7): warning C4101: lobuf: неиспользованная локальная переменная
  (компиляция исходного файла "dllmain.cpp")
  
D:\3 курс 2 семестр\РИС Тимонович\Готовые лабораторные\laba1\lab08_base\Win32Project1\Win32Project1\PrototypeService.h(133,6): warning C4101: lobuf: неиспользованная локальная переменная
  (компиляция исходного файла "dllmain.cpp")
  
D:\3 курс 2 семестр\РИС Тимонович\Готовые лабораторные\laba1\lab08_base\Win32Project1\Win32Project1\PrototypeService.h(133,13): warning C4101: libuf: неиспользованная локальная переменная
  (компиляция исходного файла "dllmain.cpp")
  
D:\3 курс 2 семестр\РИС Тимонович\Готовые лабораторные\laba1\lab08_base\Win32Project1\Win32Project1\PrototypeService.h(151,12): warning C4244: аргумент: преобразование "time_t" в "unsigned int", возможна потеря данных
  (компиляция исходного файла "dllmain.cpp")
  
D:\3 курс 2 семестр\РИС Тимонович\Готовые лабораторные\laba1\lab08_base\Win32Project1\Win32Project1\PrototypeService.h(152,6): warning C4101: lobuf: неиспользованная локальная переменная
  (компиляция исходного файла "dllmain.cpp")
  
D:\3 курс 2 семестр\РИС Тимонович\Готовые лабораторные\laba1\lab08_base\Win32Project1\Win32Project1\PrototypeService.h(152,13): warning C4101: libuf: неиспользованная локальная переменная
  (компиляция исходного файла "dllmain.cpp")
  
  ErrorFunctions.cpp
  Win32Project1.cpp
     Создается библиотека D:\3 курс 2 семестр\РИС Тимонович\Готовые лабораторные\laba1\lab08_base\x64\Release\Win32Project1.lib и объект D:\3 курс 2 семестр\РИС Тимонович\Готовые лабораторные\laba1\lab08_base\x64\Release\Win32Project1.exp
  Создание кода
  Previous IPDB not found, fall back to full compilation.
  All 135 functions were compiled because no usable IPDB/IOBJ from previous compilation was found.
  Создание кода завершено
  Win32Project1.vcxproj -> D:\3 курс 2 семестр\РИС Тимонович\Готовые лабораторные\laba1\lab08_base\x64\Release\Win32Project1.dll
