d:\5 сем\сп\2 лаба\lab11\os11_03\x64\debug\vc143.pdb
d:\5 сем\сп\2 лаба\lab11\os11_03\x64\debug\vc143.idb
d:\5 сем\сп\2 лаба\lab11\os11_03\x64\debug\os11_03.obj
d:\5 сем\сп\2 лаба\lab11\x64\debug\os11_03.exe
d:\5 сем\сп\2 лаба\lab11\x64\debug\os11_03.pdb
d:\5 сем\сп\2 лаба\lab11\os11_03\x64\debug\os11_03.ilk
c:\5sem\sp\lab11(2)\lab11\os11_03\x64\debug\os11_03.obj
c:\5sem\sp\lab11(2)\lab11\os11_03\x64\debug\os11_03.ilk
c:\5sem\sp\lab11(2)\lab11\os11_03\x64\debug\vc143.idb
c:\5sem\sp\lab11(2)\lab11\os11_03\x64\debug\vc143.pdb
c:\5sem\sp\lab11(2)\lab11\x64\debug\os11_03.pdb
c:\5sem\sp\lab11(2)\lab11\x64\debug\os11_03.exe
c:\5sem\sp\lab11(2)\lab11\os11_03\x64\debug\os11_03.tlog\cl.command.1.tlog
c:\5sem\sp\lab11(2)\lab11\os11_03\x64\debug\os11_03.tlog\cl.items.tlog
c:\5sem\sp\lab11(2)\lab11\os11_03\x64\debug\os11_03.tlog\cl.read.1.tlog
c:\5sem\sp\lab11(2)\lab11\os11_03\x64\debug\os11_03.tlog\cl.write.1.tlog
c:\5sem\sp\lab11(2)\lab11\os11_03\x64\debug\os11_03.tlog\link.command.1.tlog
c:\5sem\sp\lab11(2)\lab11\os11_03\x64\debug\os11_03.tlog\link.read.1.tlog
c:\5sem\sp\lab11(2)\lab11\os11_03\x64\debug\os11_03.tlog\link.secondary.1.tlog
c:\5sem\sp\lab11(2)\lab11\os11_03\x64\debug\os11_03.tlog\link.write.1.tlog
