c:\general\belstu\3k1s\okg3-1\lab8\lab01\x64\debug\lab06.pch
c:\general\belstu\3k1s\okg3-1\lab8\lab01\x64\debug\vc143.pdb
c:\general\belstu\3k1s\okg3-1\lab8\lab01\x64\debug\vc143.idb
c:\general\belstu\3k1s\okg3-1\lab8\lab01\x64\debug\stdafx.obj
c:\general\belstu\3k1s\okg3-1\lab8\lab01\x64\debug\mainfrm.obj
c:\general\belstu\3k1s\okg3-1\lab8\lab01\x64\debug\libsurface.obj
c:\general\belstu\3k1s\okg3-1\lab8\lab01\x64\debug\libgraph.obj
c:\general\belstu\3k1s\okg3-1\lab8\lab01\x64\debug\lab06.obj
c:\general\belstu\3k1s\okg3-1\lab8\lab01\x64\debug\cmatrix.obj
c:\general\belstu\3k1s\okg3-1\lab8\lab01\x64\debug\childview.obj
c:\general\belstu\3k1s\okg3-1\lab8\x64\debug\lab06.exe
c:\general\belstu\3k1s\okg3-1\lab8\x64\debug\lab06.pdb
c:\general\belstu\3k1s\okg3-1\lab8\lab01\x64\debug\lab01.res
c:\general\belstu\3k1s\okg3-1\lab8\lab01\x64\debug\lab06.ilk
c:\general\belstu\3k1s\okg3-1\lab8\lab01\x64\debug\lab06.tlog\cl.command.1.tlog
c:\general\belstu\3k1s\okg3-1\lab8\lab01\x64\debug\lab06.tlog\cl.items.tlog
c:\general\belstu\3k1s\okg3-1\lab8\lab01\x64\debug\lab06.tlog\cl.read.1.tlog
c:\general\belstu\3k1s\okg3-1\lab8\lab01\x64\debug\lab06.tlog\cl.write.1.tlog
c:\general\belstu\3k1s\okg3-1\lab8\lab01\x64\debug\lab06.tlog\link.command.1.tlog
c:\general\belstu\3k1s\okg3-1\lab8\lab01\x64\debug\lab06.tlog\link.read.1.tlog
c:\general\belstu\3k1s\okg3-1\lab8\lab01\x64\debug\lab06.tlog\link.secondary.1.tlog
c:\general\belstu\3k1s\okg3-1\lab8\lab01\x64\debug\lab06.tlog\link.write.1.tlog
c:\general\belstu\3k1s\okg3-1\lab8\lab01\x64\debug\lab06.tlog\rc.command.1.tlog
c:\general\belstu\3k1s\okg3-1\lab8\lab01\x64\debug\lab06.tlog\rc.read.1.tlog
c:\general\belstu\3k1s\okg3-1\lab8\lab01\x64\debug\lab06.tlog\rc.write.1.tlog
