  pch.cpp
  HT.cpp
C:\5sem\sp\Lab11(2)\Lab11\OS11_HTAPI\HT.cpp(1,9): warning C4603: _CRT_SECURE_NO_WARNINGS: макрос не определен или определение изменилось после использования предкомпилированного заголовка
  (компиляция исходного файла "/HT.cpp")
      C:\5sem\sp\Lab11(2)\Lab11\OS11_HTAPI\HT.cpp(1,9):
      Добавление макроопределения в предкомпилированный заголовок вместо определения его здесь
      C:\5sem\sp\Lab11(2)\Lab11\OS11_HTAPI\HT.cpp(4,1):
      использование предварительно скомпилированного заголовка
  
C:\5sem\sp\Lab11(2)\Lab11\OS11_HTAPI\HT.cpp(2,9): warning C4603: _CRT_NON_CONFORMING_WCSTOK: макрос не определен или определение изменилось после использования предкомпилированного заголовка
  (компиляция исходного файла "/HT.cpp")
      C:\5sem\sp\Lab11(2)\Lab11\OS11_HTAPI\HT.cpp(2,9):
      Добавление макроопределения в предкомпилированный заголовок вместо определения его здесь
      C:\5sem\sp\Lab11(2)\Lab11\OS11_HTAPI\HT.cpp(4,1):
      использование предварительно скомпилированного заголовка
  
C:\5sem\sp\Lab11(2)\Lab11\OS11_HTAPI\HT.h(17,30): warning C4091: __declspec(dllexport): пропускается слева от "HT::HTHandle", когда ни одна переменная не объявлена
  (компиляция исходного файла "/HT.cpp")
  
C:\5sem\sp\Lab11(2)\Lab11\OS11_HTAPI\HT.h(36,30): warning C4091: __declspec(dllexport): пропускается слева от "HT::Element", когда ни одна переменная не объявлена
  (компиляция исходного файла "/HT.cpp")
  
C:\5sem\sp\Lab11(2)\Lab11\OS11_HTAPI\HT.cpp(80,4): warning C4297: HT::Create: ожидается, что функция не будет выдавать исключения, но она это делает
  (компиляция исходного файла "/HT.cpp")
      C:\5sem\sp\Lab11(2)\Lab11\OS11_HTAPI\HT.cpp(80,4):
      для функции указан атрибут __declspec(nothrow), throw(), noexcept(true) или noexcept
  
C:\5sem\sp\Lab11(2)\Lab11\OS11_HTAPI\HT.cpp(88,4): warning C4297: HT::Create: ожидается, что функция не будет выдавать исключения, но она это делает
  (компиляция исходного файла "/HT.cpp")
      C:\5sem\sp\Lab11(2)\Lab11\OS11_HTAPI\HT.cpp(88,4):
      для функции указан атрибут __declspec(nothrow), throw(), noexcept(true) или noexcept
  
C:\5sem\sp\Lab11(2)\Lab11\OS11_HTAPI\HT.cpp(94,4): warning C4297: HT::Create: ожидается, что функция не будет выдавать исключения, но она это делает
  (компиляция исходного файла "/HT.cpp")
      C:\5sem\sp\Lab11(2)\Lab11\OS11_HTAPI\HT.cpp(94,4):
      для функции указан атрибут __declspec(nothrow), throw(), noexcept(true) или noexcept
  
C:\5sem\sp\Lab11(2)\Lab11\OS11_HTAPI\HT.cpp(102,4): warning C4297: HT::Create: ожидается, что функция не будет выдавать исключения, но она это делает
  (компиляция исходного файла "/HT.cpp")
      C:\5sem\sp\Lab11(2)\Lab11\OS11_HTAPI\HT.cpp(102,4):
      для функции указан атрибут __declspec(nothrow), throw(), noexcept(true) или noexcept
  
C:\5sem\sp\Lab11(2)\Lab11\OS11_HTAPI\HT.cpp(133,4): warning C4297: HT::OpenExist: ожидается, что функция не будет выдавать исключения, но она это делает
  (компиляция исходного файла "/HT.cpp")
      C:\5sem\sp\Lab11(2)\Lab11\OS11_HTAPI\HT.cpp(133,4):
      для функции указан атрибут __declspec(nothrow), throw(), noexcept(true) или noexcept
  
C:\5sem\sp\Lab11(2)\Lab11\OS11_HTAPI\HT.cpp(141,4): warning C4297: HT::OpenExist: ожидается, что функция не будет выдавать исключения, но она это делает
  (компиляция исходного файла "/HT.cpp")
      C:\5sem\sp\Lab11(2)\Lab11\OS11_HTAPI\HT.cpp(141,4):
      для функции указан атрибут __declspec(nothrow), throw(), noexcept(true) или noexcept
  
C:\5sem\sp\Lab11(2)\Lab11\OS11_HTAPI\HT.cpp(148,4): warning C4297: HT::OpenExist: ожидается, что функция не будет выдавать исключения, но она это делает
  (компиляция исходного файла "/HT.cpp")
      C:\5sem\sp\Lab11(2)\Lab11\OS11_HTAPI\HT.cpp(148,4):
      для функции указан атрибут __declspec(nothrow), throw(), noexcept(true) или noexcept
  
C:\5sem\sp\Lab11(2)\Lab11\OS11_HTAPI\HT.cpp(178,4): warning C4297: HT::Open: ожидается, что функция не будет выдавать исключения, но она это делает
  (компиляция исходного файла "/HT.cpp")
      C:\5sem\sp\Lab11(2)\Lab11\OS11_HTAPI\HT.cpp(178,4):
      для функции указан атрибут __declspec(nothrow), throw(), noexcept(true) или noexcept
  
C:\5sem\sp\Lab11(2)\Lab11\OS11_HTAPI\HT.cpp(192,4): warning C4297: HT::Open: ожидается, что функция не будет выдавать исключения, но она это делает
  (компиляция исходного файла "/HT.cpp")
      C:\5sem\sp\Lab11(2)\Lab11\OS11_HTAPI\HT.cpp(192,4):
      для функции указан атрибут __declspec(nothrow), throw(), noexcept(true) или noexcept
  
C:\5sem\sp\Lab11(2)\Lab11\OS11_HTAPI\HT.cpp(202,4): warning C4297: HT::Open: ожидается, что функция не будет выдавать исключения, но она это делает
  (компиляция исходного файла "/HT.cpp")
      C:\5sem\sp\Lab11(2)\Lab11\OS11_HTAPI\HT.cpp(202,4):
      для функции указан атрибут __declspec(nothrow), throw(), noexcept(true) или noexcept
  
C:\5sem\sp\Lab11(2)\Lab11\OS11_HTAPI\HT.cpp(211,4): warning C4297: HT::Open: ожидается, что функция не будет выдавать исключения, но она это делает
  (компиляция исходного файла "/HT.cpp")
      C:\5sem\sp\Lab11(2)\Lab11\OS11_HTAPI\HT.cpp(211,4):
      для функции указан атрибут __declspec(nothrow), throw(), noexcept(true) или noexcept
  
C:\5sem\sp\Lab11(2)\Lab11\OS11_HTAPI\HT.cpp(230,5): warning C4297: HT::Open: ожидается, что функция не будет выдавать исключения, но она это делает
  (компиляция исходного файла "/HT.cpp")
      C:\5sem\sp\Lab11(2)\Lab11\OS11_HTAPI\HT.cpp(230,5):
      для функции указан атрибут __declspec(nothrow), throw(), noexcept(true) или noexcept
  
  dll.cpp
  Создание кода...
  OS11_HTAPI.vcxproj -> C:\5sem\sp\Lab11(2)\Lab11\x64\Debug\OS11_HTAPI.dll
