d:\5 сем\сп\2 лаба\lab11\os11_htapi\x64\debug\os11_htapi.pch
d:\5 сем\сп\2 лаба\lab11\os11_htapi\x64\debug\vc143.pdb
d:\5 сем\сп\2 лаба\lab11\os11_htapi\x64\debug\vc143.idb
d:\5 сем\сп\2 лаба\lab11\os11_htapi\x64\debug\pch.obj
d:\5 сем\сп\2 лаба\lab11\os11_htapi\x64\debug\ht.obj
d:\5 сем\сп\2 лаба\lab11\os11_htapi\x64\debug\dll.obj
d:\5 сем\сп\2 лаба\lab11\x64\debug\os11_htapi.dll
d:\5 сем\сп\2 лаба\lab11\x64\debug\os11_htapi.pdb
d:\5 сем\сп\2 лаба\lab11\x64\debug\os11_htapi.lib
d:\5 сем\сп\2 лаба\lab11\x64\debug\os11_htapi.exp
d:\5 сем\сп\2 лаба\lab11\os11_htapi\x64\debug\os11_htapi.ilk
c:\5sem\sp\lab11(2)\lab11\os11_htapi\x64\debug\dll.obj
c:\5sem\sp\lab11(2)\lab11\os11_htapi\x64\debug\ht.obj
c:\5sem\sp\lab11(2)\lab11\os11_htapi\x64\debug\pch.obj
c:\5sem\sp\lab11(2)\lab11\os11_htapi\x64\debug\os11_htapi.ilk
c:\5sem\sp\lab11(2)\lab11\os11_htapi\x64\debug\os11_htapi.pch
c:\5sem\sp\lab11(2)\lab11\os11_htapi\x64\debug\vc143.idb
c:\5sem\sp\lab11(2)\lab11\os11_htapi\x64\debug\vc143.pdb
c:\5sem\sp\lab11(2)\lab11\x64\debug\os11_htapi.pdb
c:\5sem\sp\lab11(2)\lab11\x64\debug\os11_htapi.dll
c:\5sem\sp\lab11(2)\lab11\os11_htapi\x64\debug\os11_htapi.tlog\cl.command.1.tlog
c:\5sem\sp\lab11(2)\lab11\os11_htapi\x64\debug\os11_htapi.tlog\cl.items.tlog
c:\5sem\sp\lab11(2)\lab11\os11_htapi\x64\debug\os11_htapi.tlog\cl.read.1.tlog
c:\5sem\sp\lab11(2)\lab11\os11_htapi\x64\debug\os11_htapi.tlog\cl.write.1.tlog
c:\5sem\sp\lab11(2)\lab11\os11_htapi\x64\debug\os11_htapi.tlog\link.command.1.tlog
c:\5sem\sp\lab11(2)\lab11\os11_htapi\x64\debug\os11_htapi.tlog\link.read.1.tlog
c:\5sem\sp\lab11(2)\lab11\os11_htapi\x64\debug\os11_htapi.tlog\link.secondary.1.tlog
c:\5sem\sp\lab11(2)\lab11\os11_htapi\x64\debug\os11_htapi.tlog\link.write.1.tlog
