d:\5сем\сп\4 лаба\os_lab13\lab4-ht-com-dll\os_0404\x64\debug\vc143.pdb
d:\5сем\сп\4 лаба\os_lab13\lab4-ht-com-dll\os_0404\x64\debug\vc143.idb
d:\5сем\сп\4 лаба\os_lab13\lab4-ht-com-dll\os_0404\x64\debug\main.obj
d:\5сем\сп\4 лаба\os_lab13\lab4-ht-com-dll\x64\debug\os_0404.exe
d:\5сем\сп\4 лаба\os_lab13\lab4-ht-com-dll\x64\debug\os_0404.pdb
d:\5сем\сп\4 лаба\os_lab13\lab4-ht-com-dll\os_0404\x64\debug\os_0404.ilk
c:\general\belstu\3k1s\sp3-1\lab4\lab4-ht-com-dll\os_0404\x64\debug\main.obj
c:\general\belstu\3k1s\sp3-1\lab4\lab4-ht-com-dll\os_0404\x64\debug\os_0404.ilk
c:\general\belstu\3k1s\sp3-1\lab4\lab4-ht-com-dll\os_0404\x64\debug\vc143.idb
c:\general\belstu\3k1s\sp3-1\lab4\lab4-ht-com-dll\os_0404\x64\debug\vc143.pdb
c:\general\belstu\3k1s\sp3-1\lab4\lab4-ht-com-dll\x64\debug\os_0404.pdb
c:\general\belstu\3k1s\sp3-1\lab4\lab4-ht-com-dll\x64\debug\os_0404.exe
c:\general\belstu\3k1s\sp3-1\lab4\lab4-ht-com-dll\os_0404\x64\debug\os_0404.tlog\cl.command.1.tlog
c:\general\belstu\3k1s\sp3-1\lab4\lab4-ht-com-dll\os_0404\x64\debug\os_0404.tlog\cl.items.tlog
c:\general\belstu\3k1s\sp3-1\lab4\lab4-ht-com-dll\os_0404\x64\debug\os_0404.tlog\cl.read.1.tlog
c:\general\belstu\3k1s\sp3-1\lab4\lab4-ht-com-dll\os_0404\x64\debug\os_0404.tlog\cl.write.1.tlog
c:\general\belstu\3k1s\sp3-1\lab4\lab4-ht-com-dll\os_0404\x64\debug\os_0404.tlog\link.command.1.tlog
c:\general\belstu\3k1s\sp3-1\lab4\lab4-ht-com-dll\os_0404\x64\debug\os_0404.tlog\link.read.1.tlog
c:\general\belstu\3k1s\sp3-1\lab4\lab4-ht-com-dll\os_0404\x64\debug\os_0404.tlog\link.secondary.1.tlog
c:\general\belstu\3k1s\sp3-1\lab4\lab4-ht-com-dll\os_0404\x64\debug\os_0404.tlog\link.write.1.tlog
