  pch.cpp
  dllmain.cpp
C:\General\BELSTU\3k1s\PSP3-1\lab8-10\Service_Library\EchoServer.h(13,55): warning C4311: приведение типов: усечение указателя из "Contact *" в "DWORD"
  (компиляция исходного файла "/dllmain.cpp")
  
C:\General\BELSTU\3k1s\PSP3-1\lab8-10\Service_Library\EchoServer.h(13,55): warning C4302: приведение типов: усечение из "Contact *" к "DWORD"
  (компиляция исходного файла "/dllmain.cpp")
  
C:\General\BELSTU\3k1s\PSP3-1\lab8-10\Service_Library\EchoServer.h(33,57): warning C4311: приведение типов: усечение указателя из "Contact *" в "DWORD"
  (компиляция исходного файла "/dllmain.cpp")
  
C:\General\BELSTU\3k1s\PSP3-1\lab8-10\Service_Library\EchoServer.h(33,57): warning C4302: приведение типов: усечение из "Contact *" к "DWORD"
  (компиляция исходного файла "/dllmain.cpp")
  
C:\General\BELSTU\3k1s\PSP3-1\lab8-10\Service_Library\TimeServer.h(11,54): warning C4311: приведение типов: усечение указателя из "Contact *" в "DWORD"
  (компиляция исходного файла "/dllmain.cpp")
  
C:\General\BELSTU\3k1s\PSP3-1\lab8-10\Service_Library\TimeServer.h(11,54): warning C4302: приведение типов: усечение из "Contact *" к "DWORD"
  (компиляция исходного файла "/dllmain.cpp")
  
C:\General\BELSTU\3k1s\PSP3-1\lab8-10\Service_Library\TimeServer.h(45,57): warning C4311: приведение типов: усечение указателя из "Contact *" в "DWORD"
  (компиляция исходного файла "/dllmain.cpp")
  
C:\General\BELSTU\3k1s\PSP3-1\lab8-10\Service_Library\TimeServer.h(45,57): warning C4302: приведение типов: усечение из "Contact *" к "DWORD"
  (компиляция исходного файла "/dllmain.cpp")
  
C:\General\BELSTU\3k1s\PSP3-1\lab8-10\Service_Library\RandServer.h(10,54): warning C4311: приведение типов: усечение указателя из "Contact *" в "DWORD"
  (компиляция исходного файла "/dllmain.cpp")
  
C:\General\BELSTU\3k1s\PSP3-1\lab8-10\Service_Library\RandServer.h(10,54): warning C4302: приведение типов: усечение из "Contact *" к "DWORD"
  (компиляция исходного файла "/dllmain.cpp")
  
C:\General\BELSTU\3k1s\PSP3-1\lab8-10\Service_Library\RandServer.h(31,16): warning C4244: аргумент: преобразование "time_t" в "unsigned int", возможна потеря данных
  (компиляция исходного файла "/dllmain.cpp")
  
C:\General\BELSTU\3k1s\PSP3-1\lab8-10\Service_Library\RandServer.h(46,57): warning C4311: приведение типов: усечение указателя из "Contact *" в "DWORD"
  (компиляция исходного файла "/dllmain.cpp")
  
C:\General\BELSTU\3k1s\PSP3-1\lab8-10\Service_Library\RandServer.h(46,57): warning C4302: приведение типов: усечение из "Contact *" к "DWORD"
  (компиляция исходного файла "/dllmain.cpp")
  
     Создается библиотека C:\General\BELSTU\3k1s\PSP3-1\lab8-10\SH_Laba_8_10\x64\Debug\Service_Library.lib и объект C:\General\BELSTU\3k1s\PSP3-1\lab8-10\SH_Laba_8_10\x64\Debug\Service_Library.exp
  Service_Library.vcxproj -> C:\General\BELSTU\3k1s\PSP3-1\lab8-10\SH_Laba_8_10\x64\Debug\Service_Library.dll
