  stdafx.cpp
  ConcurrentServer.cpp
D:\3 курс 2 семестр\РИС Тимонович\Готовые лабораторные\laba1\lab08_base\ConcurrentServer\ConcurrentServer\ConcurrentServer.cpp(116,9): warning C4996: 'strcpy': This function or variable may be unsafe. Consider using strcpy_s instead. To disable deprecation, use _CRT_SECURE_NO_WARNINGS. See online help for details.
  (компиляция исходного файла "/ConcurrentServer.cpp")
  
D:\3 курс 2 семестр\РИС Тимонович\Готовые лабораторные\laba1\lab08_base\ConcurrentServer\ConcurrentServer\ConcurrentServer.cpp(124,9): warning C4996: 'strcpy': This function or variable may be unsafe. Consider using strcpy_s instead. To disable deprecation, use _CRT_SECURE_NO_WARNINGS. See online help for details.
  (компиляция исходного файла "/ConcurrentServer.cpp")
  
D:\3 курс 2 семестр\РИС Тимонович\Готовые лабораторные\laba1\lab08_base\ConcurrentServer\ConcurrentServer\ConcurrentServer.cpp(157,73): warning C4996: 'inet_ntoa': Use inet_ntop() or InetNtop() instead or define _WINSOCK_DEPRECATED_NO_WARNINGS to disable deprecated API warnings
  (компиляция исходного файла "/ConcurrentServer.cpp")
  
D:\3 курс 2 семестр\РИС Тимонович\Готовые лабораторные\laba1\lab08_base\ConcurrentServer\ConcurrentServer\ConcurrentServer.cpp(171,73): warning C4996: 'inet_ntoa': Use inet_ntop() or InetNtop() instead or define _WINSOCK_DEPRECATED_NO_WARNINGS to disable deprecated API warnings
  (компиляция исходного файла "/ConcurrentServer.cpp")
  
D:\3 курс 2 семестр\РИС Тимонович\Готовые лабораторные\laba1\lab08_base\ConcurrentServer\ConcurrentServer\ConcurrentServer.cpp(452,33): warning C4267: инициализация: преобразование из "size_t" в "int"; возможна потеря данных
  (компиляция исходного файла "/ConcurrentServer.cpp")
  
D:\3 курс 2 семестр\РИС Тимонович\Готовые лабораторные\laba1\lab08_base\ConcurrentServer\ConcurrentServer\ConcurrentServer.cpp(466,29): warning C4267: инициализация: преобразование из "size_t" в "int"; возможна потеря данных
  (компиляция исходного файла "/ConcurrentServer.cpp")
  
D:\3 курс 2 семестр\РИС Тимонович\Готовые лабораторные\laba1\lab08_base\ConcurrentServer\ConcurrentServer\ConcurrentServer.cpp(613,37): warning C4267: инициализация: преобразование из "size_t" в "int"; возможна потеря данных
  (компиляция исходного файла "/ConcurrentServer.cpp")
  
D:\3 курс 2 семестр\РИС Тимонович\Готовые лабораторные\laba1\lab08_base\ConcurrentServer\ConcurrentServer\ConcurrentServer.cpp(623,57): warning C4267: аргумент: преобразование из "size_t" в "DWORD"; возможна потеря данных
  (компиляция исходного файла "/ConcurrentServer.cpp")
  
D:\3 курс 2 семестр\РИС Тимонович\Готовые лабораторные\laba1\lab08_base\ConcurrentServer\ConcurrentServer\ConcurrentServer.cpp(573,9): warning C4996: 'sprintf': This function or variable may be unsafe. Consider using sprintf_s instead. To disable deprecation, use _CRT_SECURE_NO_WARNINGS. See online help for details.
  (компиляция исходного файла "/ConcurrentServer.cpp")
  
D:\3 курс 2 семестр\РИС Тимонович\Готовые лабораторные\laba1\lab08_base\ConcurrentServer\ConcurrentServer\ConcurrentServer.cpp(616,21): warning C4996: 'sprintf': This function or variable may be unsafe. Consider using sprintf_s instead. To disable deprecation, use _CRT_SECURE_NO_WARNINGS. See online help for details.
  (компиляция исходного файла "/ConcurrentServer.cpp")
  
D:\3 курс 2 семестр\РИС Тимонович\Готовые лабораторные\laba1\lab08_base\ConcurrentServer\ConcurrentServer\ConcurrentServer.cpp(660,45): warning C4267: =: преобразование из "size_t" в "int"; возможна потеря данных
  (компиляция исходного файла "/ConcurrentServer.cpp")
  
D:\3 курс 2 семестр\РИС Тимонович\Готовые лабораторные\laba1\lab08_base\ConcurrentServer\ConcurrentServer\ConcurrentServer.cpp(703,25): warning C4996: 'strcpy': This function or variable may be unsafe. Consider using strcpy_s instead. To disable deprecation, use _CRT_SECURE_NO_WARNINGS. See online help for details.
  (компиляция исходного файла "/ConcurrentServer.cpp")
  
D:\3 курс 2 семестр\РИС Тимонович\Готовые лабораторные\laba1\lab08_base\ConcurrentServer\ConcurrentServer\ConcurrentServer.cpp(705,82): warning C4267: аргумент: преобразование из "size_t" в "int"; возможна потеря данных
  (компиляция исходного файла "/ConcurrentServer.cpp")
  
D:\3 курс 2 семестр\РИС Тимонович\Готовые лабораторные\laba1\lab08_base\ConcurrentServer\ConcurrentServer\ConcurrentServer.cpp(812,128): warning C4996: 'inet_ntoa': Use inet_ntop() or InetNtop() instead or define _WINSOCK_DEPRECATED_NO_WARNINGS to disable deprecated API warnings
  (компиляция исходного файла "/ConcurrentServer.cpp")
  
D:\3 курс 2 семестр\РИС Тимонович\Готовые лабораторные\laba1\lab08_base\ConcurrentServer\ConcurrentServer\ConcurrentServer.cpp(842,28): warning C4477: "printf": в строке форматирования "%d" требуется аргумент типа "int", но вариативный аргумент "1" имеет тип "SOCKET"
  (компиляция исходного файла "/ConcurrentServer.cpp")
      D:\3 курс 2 семестр\РИС Тимонович\Готовые лабораторные\laba1\lab08_base\ConcurrentServer\ConcurrentServer\ConcurrentServer.cpp(842,28):
      рекомендуется использовать "%lld" в строке форматирования
      D:\3 курс 2 семестр\РИС Тимонович\Готовые лабораторные\laba1\lab08_base\ConcurrentServer\ConcurrentServer\ConcurrentServer.cpp(842,28):
      рекомендуется использовать "%Id" в строке форматирования
      D:\3 курс 2 семестр\РИС Тимонович\Готовые лабораторные\laba1\lab08_base\ConcurrentServer\ConcurrentServer\ConcurrentServer.cpp(842,28):
      рекомендуется использовать "%I64d" в строке форматирования
  
D:\3 курс 2 семестр\РИС Тимонович\Готовые лабораторные\laba1\lab08_base\ConcurrentServer\ConcurrentServer\ConcurrentServer.cpp(854,32): warning C4477: "printf": в строке форматирования "%d" требуется аргумент типа "int", но вариативный аргумент "2" имеет тип "SOCKET"
  (компиляция исходного файла "/ConcurrentServer.cpp")
      D:\3 курс 2 семестр\РИС Тимонович\Готовые лабораторные\laba1\lab08_base\ConcurrentServer\ConcurrentServer\ConcurrentServer.cpp(854,32):
      рекомендуется использовать "%lld" в строке форматирования
      D:\3 курс 2 семестр\РИС Тимонович\Готовые лабораторные\laba1\lab08_base\ConcurrentServer\ConcurrentServer\ConcurrentServer.cpp(854,32):
      рекомендуется использовать "%Id" в строке форматирования
      D:\3 курс 2 семестр\РИС Тимонович\Готовые лабораторные\laba1\lab08_base\ConcurrentServer\ConcurrentServer\ConcurrentServer.cpp(854,32):
      рекомендуется использовать "%I64d" в строке форматирования
  
D:\3 курс 2 семестр\РИС Тимонович\Готовые лабораторные\laba1\lab08_base\ConcurrentServer\ConcurrentServer\ConcurrentServer.cpp(857,36): warning C4477: "printf": в строке форматирования "%d" требуется аргумент типа "int", но вариативный аргумент "1" имеет тип "SOCKET"
  (компиляция исходного файла "/ConcurrentServer.cpp")
      D:\3 курс 2 семестр\РИС Тимонович\Готовые лабораторные\laba1\lab08_base\ConcurrentServer\ConcurrentServer\ConcurrentServer.cpp(857,36):
      рекомендуется использовать "%lld" в строке форматирования
      D:\3 курс 2 семестр\РИС Тимонович\Готовые лабораторные\laba1\lab08_base\ConcurrentServer\ConcurrentServer\ConcurrentServer.cpp(857,36):
      рекомендуется использовать "%Id" в строке форматирования
      D:\3 курс 2 семестр\РИС Тимонович\Готовые лабораторные\laba1\lab08_base\ConcurrentServer\ConcurrentServer\ConcurrentServer.cpp(857,36):
      рекомендуется использовать "%I64d" в строке форматирования
  
D:\3 курс 2 семестр\РИС Тимонович\Готовые лабораторные\laba1\lab08_base\ConcurrentServer\ConcurrentServer\ConcurrentServer.cpp(882,9): warning C4996: 'strcpy': This function or variable may be unsafe. Consider using strcpy_s instead. To disable deprecation, use _CRT_SECURE_NO_WARNINGS. See online help for details.
  (компиляция исходного файла "/ConcurrentServer.cpp")
  
D:\3 курс 2 семестр\РИС Тимонович\Готовые лабораторные\laba1\lab08_base\ConcurrentServer\ConcurrentServer\ConcurrentServer.cpp(886,9): warning C4996: 'strcpy': This function or variable may be unsafe. Consider using strcpy_s instead. To disable deprecation, use _CRT_SECURE_NO_WARNINGS. See online help for details.
  (компиляция исходного файла "/ConcurrentServer.cpp")
  
D:\3 курс 2 семестр\РИС Тимонович\Готовые лабораторные\laba1\lab08_base\ConcurrentServer\ConcurrentServer\ConcurrentServer.cpp(887,9): warning C4996: 'strcpy': This function or variable may be unsafe. Consider using strcpy_s instead. To disable deprecation, use _CRT_SECURE_NO_WARNINGS. See online help for details.
  (компиляция исходного файла "/ConcurrentServer.cpp")
  
D:\3 курс 2 семестр\РИС Тимонович\Готовые лабораторные\laba1\lab08_base\ConcurrentServer\ConcurrentServer\ConcurrentServer.cpp(891,9): warning C4996: 'strcpy': This function or variable may be unsafe. Consider using strcpy_s instead. To disable deprecation, use _CRT_SECURE_NO_WARNINGS. See online help for details.
  (компиляция исходного файла "/ConcurrentServer.cpp")
  
D:\3 курс 2 семестр\РИС Тимонович\Готовые лабораторные\laba1\lab08_base\ConcurrentServer\ConcurrentServer\ConcurrentServer.cpp(892,9): warning C4996: 'strcpy': This function or variable may be unsafe. Consider using strcpy_s instead. To disable deprecation, use _CRT_SECURE_NO_WARNINGS. See online help for details.
  (компиляция исходного файла "/ConcurrentServer.cpp")
  
  ErrorFunctions.cpp
  Создание кода
  Previous IPDB not found, fall back to full compilation.
  All 499 functions were compiled because no usable IPDB/IOBJ from previous compilation was found.
  Создание кода завершено
  ConcurrentServer.vcxproj -> D:\3 курс 2 семестр\РИС Тимонович\Готовые лабораторные\laba1\lab08_base\x64\Release\ConcurrentServer.exe
