d:\5 сем\сп\2 лаба\lab11\os11_start\x64\debug\vc143.pdb
d:\5 сем\сп\2 лаба\lab11\os11_start\x64\debug\vc143.idb
d:\5 сем\сп\2 лаба\lab11\os11_start\x64\debug\os11_start.obj
d:\5 сем\сп\2 лаба\lab11\x64\debug\os11_start.exe
d:\5 сем\сп\2 лаба\lab11\x64\debug\os11_start.pdb
d:\5 сем\сп\2 лаба\lab11\os11_start\x64\debug\os11_start.ilk
c:\5sem\sp\lab11(2)\lab11\os11_start\x64\debug\os11_start.obj
c:\5sem\sp\lab11(2)\lab11\os11_start\x64\debug\os11_start.ilk
c:\5sem\sp\lab11(2)\lab11\os11_start\x64\debug\vc143.idb
c:\5sem\sp\lab11(2)\lab11\os11_start\x64\debug\vc143.pdb
c:\5sem\sp\lab11(2)\lab11\x64\debug\os11_start.pdb
c:\5sem\sp\lab11(2)\lab11\x64\debug\os11_start.exe
c:\5sem\sp\lab11(2)\lab11\os11_start\x64\debug\os11_start.tlog\cl.command.1.tlog
c:\5sem\sp\lab11(2)\lab11\os11_start\x64\debug\os11_start.tlog\cl.items.tlog
c:\5sem\sp\lab11(2)\lab11\os11_start\x64\debug\os11_start.tlog\cl.read.1.tlog
c:\5sem\sp\lab11(2)\lab11\os11_start\x64\debug\os11_start.tlog\cl.write.1.tlog
c:\5sem\sp\lab11(2)\lab11\os11_start\x64\debug\os11_start.tlog\link.command.1.tlog
c:\5sem\sp\lab11(2)\lab11\os11_start\x64\debug\os11_start.tlog\link.read.1.tlog
c:\5sem\sp\lab11(2)\lab11\os11_start\x64\debug\os11_start.tlog\link.secondary.1.tlog
c:\5sem\sp\lab11(2)\lab11\os11_start\x64\debug\os11_start.tlog\link.write.1.tlog
