d:\3 курс 2 семестр\рис тимонович\готовые лабораторные\laba1\lab08_base\concurrentserver\concurrentserver\x64\debug\concurrentserver.pch
d:\3 курс 2 семестр\рис тимонович\готовые лабораторные\laba1\lab08_base\concurrentserver\concurrentserver\x64\debug\vc143.pdb
d:\3 курс 2 семестр\рис тимонович\готовые лабораторные\laba1\lab08_base\concurrentserver\concurrentserver\x64\debug\vc143.idb
d:\3 курс 2 семестр\рис тимонович\готовые лабораторные\laba1\lab08_base\concurrentserver\concurrentserver\x64\debug\stdafx.obj
d:\3 курс 2 семестр\рис тимонович\готовые лабораторные\laba1\lab08_base\concurrentserver\concurrentserver\x64\debug\errorfunctions.obj
d:\3 курс 2 семестр\рис тимонович\готовые лабораторные\laba1\lab08_base\concurrentserver\concurrentserver\x64\debug\concurrentserver.obj
d:\3 курс 2 семестр\рис тимонович\готовые лабораторные\laba1\lab08_base\x64\debug\concurrentserver.exe
d:\3 курс 2 семестр\рис тимонович\готовые лабораторные\laba1\lab08_base\x64\debug\concurrentserver.pdb
d:\3 курс 2 семестр\рис тимонович\готовые лабораторные\laba1\lab08_base\concurrentserver\concurrentserver\x64\debug\concurrentserver.ilk
c:\general\belstu\3k2s\ris3-2\lab08_base\concurrentserver\concurrentserver\x64\debug\concurrentserver.obj
c:\general\belstu\3k2s\ris3-2\lab08_base\concurrentserver\concurrentserver\x64\debug\errorfunctions.obj
c:\general\belstu\3k2s\ris3-2\lab08_base\concurrentserver\concurrentserver\x64\debug\stdafx.obj
c:\general\belstu\3k2s\ris3-2\lab08_base\concurrentserver\concurrentserver\x64\debug\concurrentserver.ilk
c:\general\belstu\3k2s\ris3-2\lab08_base\concurrentserver\concurrentserver\x64\debug\concurrentserver.pch
c:\general\belstu\3k2s\ris3-2\lab08_base\concurrentserver\concurrentserver\x64\debug\vc143.idb
c:\general\belstu\3k2s\ris3-2\lab08_base\concurrentserver\concurrentserver\x64\debug\vc143.pdb
c:\general\belstu\3k2s\ris3-2\lab08_base\x64\debug\concurrentserver.pdb
c:\general\belstu\3k2s\ris3-2\lab08_base\x64\debug\concurrentserver.exe
c:\general\belstu\3k2s\ris3-2\lab08_base\concurrentserver\concurrentserver\x64\debug\concurrentserver.tlog\cl.command.1.tlog
c:\general\belstu\3k2s\ris3-2\lab08_base\concurrentserver\concurrentserver\x64\debug\concurrentserver.tlog\cl.items.tlog
c:\general\belstu\3k2s\ris3-2\lab08_base\concurrentserver\concurrentserver\x64\debug\concurrentserver.tlog\cl.read.1.tlog
c:\general\belstu\3k2s\ris3-2\lab08_base\concurrentserver\concurrentserver\x64\debug\concurrentserver.tlog\cl.write.1.tlog
c:\general\belstu\3k2s\ris3-2\lab08_base\concurrentserver\concurrentserver\x64\debug\concurrentserver.tlog\link.command.1.tlog
c:\general\belstu\3k2s\ris3-2\lab08_base\concurrentserver\concurrentserver\x64\debug\concurrentserver.tlog\link.read.1.tlog
c:\general\belstu\3k2s\ris3-2\lab08_base\concurrentserver\concurrentserver\x64\debug\concurrentserver.tlog\link.secondary.1.tlog
c:\general\belstu\3k2s\ris3-2\lab08_base\concurrentserver\concurrentserver\x64\debug\concurrentserver.tlog\link.write.1.tlog
