c:\general\belstu\3k2s\ris3-2\lab1\win32project1\win32project1\x64\debug\win32project1.pch
c:\general\belstu\3k2s\ris3-2\lab1\win32project1\win32project1\x64\debug\vc145.pdb
c:\general\belstu\3k2s\ris3-2\lab1\win32project1\win32project1\x64\debug\vc145.idb
c:\general\belstu\3k2s\ris3-2\lab1\win32project1\win32project1\x64\debug\stdafx.obj
c:\general\belstu\3k2s\ris3-2\lab1\win32project1\win32project1\x64\debug\dllmain.obj
c:\general\belstu\3k2s\ris3-2\lab1\win32project1\win32project1\x64\debug\win32project1.obj
c:\general\belstu\3k2s\ris3-2\lab1\win32project1\win32project1\x64\debug\errorfunctions.obj
c:\general\belstu\3k2s\ris3-2\lab1\x64\debug\win32project1.dll
c:\general\belstu\3k2s\ris3-2\lab1\x64\debug\win32project1.pdb
c:\general\belstu\3k2s\ris3-2\lab1\x64\debug\win32project1.lib
c:\general\belstu\3k2s\ris3-2\lab1\x64\debug\win32project1.exp
c:\general\belstu\3k2s\ris3-2\lab1\win32project1\win32project1\x64\debug\win32project1.ilk
c:\general\belstu\3k2s\ris3-2\lab1\win32project1\win32project1\x64\debug\win32project1.tlog\cl.command.1.tlog
c:\general\belstu\3k2s\ris3-2\lab1\win32project1\win32project1\x64\debug\win32project1.tlog\cl.items.tlog
c:\general\belstu\3k2s\ris3-2\lab1\win32project1\win32project1\x64\debug\win32project1.tlog\cl.read.1.tlog
c:\general\belstu\3k2s\ris3-2\lab1\win32project1\win32project1\x64\debug\win32project1.tlog\cl.write.1.tlog
c:\general\belstu\3k2s\ris3-2\lab1\win32project1\win32project1\x64\debug\win32project1.tlog\link.command.1.tlog
c:\general\belstu\3k2s\ris3-2\lab1\win32project1\win32project1\x64\debug\win32project1.tlog\link.read.1.tlog
c:\general\belstu\3k2s\ris3-2\lab1\win32project1\win32project1\x64\debug\win32project1.tlog\link.secondary.1.tlog
c:\general\belstu\3k2s\ris3-2\lab1\win32project1\win32project1\x64\debug\win32project1.tlog\link.write.1.tlog
