  stdafx.cpp
  dllmain.cpp
C:\General\BELSTU\3k2s\RIS3-2\lab1\Win32Project1\Win32Project1\dllmain.cpp(2,26): warning C4616: предупреждение #pragma: предупреждение с номером "2664" не является действительным предупреждением компилятора
C:\General\BELSTU\3k2s\RIS3-2\lab1\Win32Project1\Win32Project1\dllmain.cpp(2,31): warning C4081: требуется "newline"; обнаружен ";"
C:\General\BELSTU\3k2s\RIS3-2\lab1\Win32Project1\Win32Project1\PrototypeService.h(84,7): warning C4101: lobuf: неиспользованная локальная переменная
  (компиляция исходного файла "dllmain.cpp")
  
C:\General\BELSTU\3k2s\RIS3-2\lab1\Win32Project1\Win32Project1\PrototypeService.h(133,6): warning C4101: lobuf: неиспользованная локальная переменная
  (компиляция исходного файла "dllmain.cpp")
  
C:\General\BELSTU\3k2s\RIS3-2\lab1\Win32Project1\Win32Project1\PrototypeService.h(133,13): warning C4101: libuf: неиспользованная локальная переменная
  (компиляция исходного файла "dllmain.cpp")
  
C:\General\BELSTU\3k2s\RIS3-2\lab1\Win32Project1\Win32Project1\PrototypeService.h(151,12): warning C4244: аргумент: преобразование "time_t" в "unsigned int", возможна потеря данных
  (компиляция исходного файла "dllmain.cpp")
  
C:\General\BELSTU\3k2s\RIS3-2\lab1\Win32Project1\Win32Project1\PrototypeService.h(152,6): warning C4101: lobuf: неиспользованная локальная переменная
  (компиляция исходного файла "dllmain.cpp")
  
C:\General\BELSTU\3k2s\RIS3-2\lab1\Win32Project1\Win32Project1\PrototypeService.h(152,13): warning C4101: libuf: неиспользованная локальная переменная
  (компиляция исходного файла "dllmain.cpp")
  
  ErrorFunctions.cpp
  Win32Project1.cpp
  Создание кода...
     Создается библиотека C:\General\BELSTU\3k2s\RIS3-2\lab1\x64\Debug\Win32Project1.lib и объект C:\General\BELSTU\3k2s\RIS3-2\lab1\x64\Debug\Win32Project1.exp
  Win32Project1.vcxproj -> C:\General\BELSTU\3k2s\RIS3-2\lab1\x64\Debug\Win32Project1.dll
