d:\5 сем\сп\2 лаба\lab11\os11_04\x64\debug\vc143.pdb
d:\5 сем\сп\2 лаба\lab11\os11_04\x64\debug\vc143.idb
d:\5 сем\сп\2 лаба\lab11\os11_04\x64\debug\os11_04.obj
d:\5 сем\сп\2 лаба\lab11\x64\debug\os11_04.exe
d:\5 сем\сп\2 лаба\lab11\x64\debug\os11_04.pdb
d:\5 сем\сп\2 лаба\lab11\os11_04\x64\debug\os11_04.ilk
c:\5sem\sp\lab11(2)\lab11\os11_04\x64\debug\os11_04.obj
c:\5sem\sp\lab11(2)\lab11\os11_04\x64\debug\os11_04.ilk
c:\5sem\sp\lab11(2)\lab11\os11_04\x64\debug\vc143.idb
c:\5sem\sp\lab11(2)\lab11\os11_04\x64\debug\vc143.pdb
c:\5sem\sp\lab11(2)\lab11\x64\debug\os11_04.pdb
c:\5sem\sp\lab11(2)\lab11\x64\debug\os11_04.exe
c:\5sem\sp\lab11(2)\lab11\os11_04\x64\debug\os11_04.tlog\cl.command.1.tlog
c:\5sem\sp\lab11(2)\lab11\os11_04\x64\debug\os11_04.tlog\cl.items.tlog
c:\5sem\sp\lab11(2)\lab11\os11_04\x64\debug\os11_04.tlog\cl.read.1.tlog
c:\5sem\sp\lab11(2)\lab11\os11_04\x64\debug\os11_04.tlog\cl.write.1.tlog
c:\5sem\sp\lab11(2)\lab11\os11_04\x64\debug\os11_04.tlog\link.command.1.tlog
c:\5sem\sp\lab11(2)\lab11\os11_04\x64\debug\os11_04.tlog\link.read.1.tlog
c:\5sem\sp\lab11(2)\lab11\os11_04\x64\debug\os11_04.tlog\link.secondary.1.tlog
c:\5sem\sp\lab11(2)\lab11\os11_04\x64\debug\os11_04.tlog\link.write.1.tlog
