d:\5сем\сп\4 лаба\os_lab13\lab4-ht-com-dll\os13_htcom\x64\debug\os13_htcom.pch
d:\5сем\сп\4 лаба\os_lab13\lab4-ht-com-dll\os13_htcom\x64\debug\vc143.pdb
d:\5сем\сп\4 лаба\os_lab13\lab4-ht-com-dll\os13_htcom\x64\debug\vc143.idb
d:\5сем\сп\4 лаба\os_lab13\lab4-ht-com-dll\os13_htcom\x64\debug\pch.obj
d:\5сем\сп\4 лаба\os_lab13\lab4-ht-com-dll\os13_htcom\x64\debug\registry.obj
d:\5сем\сп\4 лаба\os_lab13\lab4-ht-com-dll\os13_htcom\x64\debug\exportfunctions.obj
d:\5сем\сп\4 лаба\os_lab13\lab4-ht-com-dll\os13_htcom\x64\debug\dllmain.obj
d:\5сем\сп\4 лаба\os_lab13\lab4-ht-com-dll\os13_htcom\x64\debug\componentht.obj
d:\5сем\сп\4 лаба\os_lab13\lab4-ht-com-dll\os13_htcom\x64\debug\classfactory.obj
d:\5сем\сп\4 лаба\os_lab13\lab4-ht-com-dll\x64\debug\os13_htcom.dll
d:\5сем\сп\4 лаба\os_lab13\lab4-ht-com-dll\x64\debug\os13_htcom.pdb
d:\5сем\сп\4 лаба\os_lab13\lab4-ht-com-dll\x64\debug\os13_htcom.lib
d:\5сем\сп\4 лаба\os_lab13\lab4-ht-com-dll\x64\debug\os13_htcom.exp
d:\5сем\сп\4 лаба\os_lab13\lab4-ht-com-dll\os13_htcom\x64\debug\os13_htcom.ilk
c:\general\belstu\3k1s\sp3-1\lab4\lab4-ht-com-dll\os13_htcom\x64\debug\classfactory.obj
c:\general\belstu\3k1s\sp3-1\lab4\lab4-ht-com-dll\os13_htcom\x64\debug\componentht.obj
c:\general\belstu\3k1s\sp3-1\lab4\lab4-ht-com-dll\os13_htcom\x64\debug\dllmain.obj
c:\general\belstu\3k1s\sp3-1\lab4\lab4-ht-com-dll\os13_htcom\x64\debug\exportfunctions.obj
c:\general\belstu\3k1s\sp3-1\lab4\lab4-ht-com-dll\os13_htcom\x64\debug\pch.obj
c:\general\belstu\3k1s\sp3-1\lab4\lab4-ht-com-dll\os13_htcom\x64\debug\registry.obj
c:\general\belstu\3k1s\sp3-1\lab4\lab4-ht-com-dll\os13_htcom\x64\debug\os13_htcom.ilk
c:\general\belstu\3k1s\sp3-1\lab4\lab4-ht-com-dll\os13_htcom\x64\debug\os13_htcom.pch
c:\general\belstu\3k1s\sp3-1\lab4\lab4-ht-com-dll\os13_htcom\x64\debug\vc143.idb
c:\general\belstu\3k1s\sp3-1\lab4\lab4-ht-com-dll\os13_htcom\x64\debug\vc143.pdb
c:\general\belstu\3k1s\sp3-1\lab4\lab4-ht-com-dll\x64\debug\os13_htcom.pdb
c:\general\belstu\3k1s\sp3-1\lab4\lab4-ht-com-dll\x64\debug\os13_htcom.dll
c:\general\belstu\3k1s\sp3-1\lab4\lab4-ht-com-dll\os13_htcom\x64\debug\os13_htcom.tlog\cl.command.1.tlog
c:\general\belstu\3k1s\sp3-1\lab4\lab4-ht-com-dll\os13_htcom\x64\debug\os13_htcom.tlog\cl.items.tlog
c:\general\belstu\3k1s\sp3-1\lab4\lab4-ht-com-dll\os13_htcom\x64\debug\os13_htcom.tlog\cl.read.1.tlog
c:\general\belstu\3k1s\sp3-1\lab4\lab4-ht-com-dll\os13_htcom\x64\debug\os13_htcom.tlog\cl.write.1.tlog
c:\general\belstu\3k1s\sp3-1\lab4\lab4-ht-com-dll\os13_htcom\x64\debug\os13_htcom.tlog\link.command.1.tlog
c:\general\belstu\3k1s\sp3-1\lab4\lab4-ht-com-dll\os13_htcom\x64\debug\os13_htcom.tlog\link.read.1.tlog
c:\general\belstu\3k1s\sp3-1\lab4\lab4-ht-com-dll\os13_htcom\x64\debug\os13_htcom.tlog\link.secondary.1.tlog
c:\general\belstu\3k1s\sp3-1\lab4\lab4-ht-com-dll\os13_htcom\x64\debug\os13_htcom.tlog\link.write.1.tlog
